[erawebs.mehnikah.com/the-wedding-of-aldi-and-fitri/index.html]
[backblue.gif]
[fade.gif]
[index.html]
[gmpg.org/xfn/11.html]
[mehnikah.com/wp-content/plugins/weddingpress/assets/css/modules/bdt-uikit5829.css]
[mehnikah.com/wp-content/plugins/weddingpress/assets/css/modules/ep-helper5dc4.css]
[mehnikah.com/wp-content/plugins/jet-engine/assets/css/frontendab17.css]
[mehnikah.com/wp-content/uploads/useanyfont/uafe6cc.css]
[mehnikah.com/wp-content/plugins/weddingsaas-pro/assets/css/wds-elementorbf47.css]
[mehnikah.com/wp-content/plugins/weddingsaas-pro/assets/plugins/custom/commentpress/saic_stylebf47.css]
[mehnikah.com/wp-content/plugins/addon-elements-for-elementor-page-builder/assets/css/eae.min333a.css]
[mehnikah.com/wp-content/plugins/addon-elements-for-elementor-page-builder/assets/lib/peel/peel333a.css]
[mehnikah.com/wp-content/plugins/elementor/assets/lib/font-awesome/css/v4-shims.min5152.css]
[mehnikah.com/wp-content/plugins/elementor/assets/lib/font-awesome/css/all.min5152.css]
[mehnikah.com/wp-content/plugins/addon-elements-for-elementor-page-builder/assets/lib/vegas/vegas.min8d5a.css]
[mehnikah.com/wp-content/plugins/weddingpress/assets/css/exad-styles.min8717.css]
[mehnikah.com/wp-content/plugins/weddingpress/addons/comment-kit2/css/cui_style8a54.css]
[mehnikah.com/wp-content/plugins/weddingpress/assets/css/new-icon.min5dc4.css]
[mehnikah.com/wp-content/themes/hello-elementor/assets/css/resetedb1.css]
[mehnikah.com/wp-content/themes/hello-elementor/assets/css/themeedb1.css]
[mehnikah.com/wp-content/themes/hello-elementor/assets/css/header-footeredb1.css]
[mehnikah.com/wp-content/plugins/elementor/assets/css/frontend.min05da.css]
[mehnikah.com/wp-content/uploads/jet-form-builder/f6d587d634dcdcd91b29ffb8c0178192/2026/02/WhatsApp-Image-2026-02-07-at-20.58.05.webp]
[mehnikah.com/wp-content/uploads/jet-form-builder/f6d587d634dcdcd91b29ffb8c0178192/2026/02/WhatsApp-Image-2026-02-07-at-20.58.36.webp]
[mehnikah.com/wp-content/plugins/elementor/assets/css/widget-heading.min05da.css]
[mehnikah.com/wp-content/plugins/elementor/assets/css/widget-image.min05da.css]
[mehnikah.com/wp-content/plugins/elementor/assets/css/widget-icon-list.min05da.css]
[mehnikah.com/wp-content/plugins/elementor/assets/css/widget-spacer.min05da.css]
[mehnikah.com/wp-content/plugins/elementor/assets/lib/animations/styles/zoomIn.min05da.css]
[mehnikah.com/wp-content/plugins/elementor-pro/assets/css/widget-lottie.min05da.css]
[mehnikah.com/wp-content/plugins/elementor/assets/lib/animations/styles/fadeInUp.min05da.css]
[mehnikah.com/wp-content/plugins/elementor/assets/lib/swiper/v8/css/swiper.min94a4.css]
[mehnikah.com/wp-content/plugins/elementor/assets/css/conditionals/e-swiper.min05da.css]
[mehnikah.com/wp-content/plugins/elementor-pro/assets/css/widget-countdown.min05da.css]
[mehnikah.com/wp-content/plugins/elementor/assets/css/widget-video.min05da.css]
[mehnikah.com/wp-content/plugins/elementor-pro/assets/css/widget-gallery.min05da.css]
[mehnikah.com/wp-content/plugins/elementor/assets/lib/e-gallery/css/e-gallery.min7359.css]
[mehnikah.com/wp-content/plugins/elementor-pro/assets/css/conditionals/transitions.min05da.css]
[mehnikah.com/wp-content/plugins/jet-elements/assets/css/jet-elements8864.css]
[mehnikah.com/wp-content/plugins/jet-elements/assets/css/addons/jet-timeline8864.css]
[mehnikah.com/wp-content/plugins/jet-elements/assets/css/skin/jet-timeline8864.css]
[mehnikah.com/wp-content/plugins/elementor/assets/css/widget-divider.min05da.css]
[mehnikah.com/wp-content/plugins/elementor/assets/lib/animations/styles/e-animation-grow.min05da.css]
[mehnikah.com/wp-content/uploads/elementor/css/post-13565fec6.css]
[mehnikah.com/wp-content/plugins/weddingpress/assets/css/wdp5dc4.css]
[mehnikah.com/wp-content/plugins/weddingpress/assets/css/guest-book5dc4.css]
[mehnikah.com/wp-content/plugins/jet-tabs/assets/css/jet-tabs-frontenda1ec.css]
[mehnikah.com/wp-content/plugins/powerpack-elements/assets/css/min/extensions.min4879.css]
[mehnikah.com/wp-content/plugins/powerpack-elements/assets/css/min/tooltip.min4879.css]
[mehnikah.com/wp-content/uploads/elementor/css/post-21454fec6.css]
[mehnikah.com/wp-content/uploads/elementor/css/post-33960b170.css]
[mehnikah.com/wp-content/uploads/elementor/css/post-104730c184.css]
[mehnikah.com/wp-content/plugins/essential-addons-for-elementor-lite/assets/front-end/css/view/general.min31dc.css]
[mehnikah.com/wp-content/uploads/elementor/google-fonts/css/roboto9ce5.css]
[mehnikah.com/wp-content/uploads/elementor/google-fonts/css/robotoslab31a5.css]
[mehnikah.com/wp-content/uploads/elementor/google-fonts/css/poppins4fa6.css]
[mehnikah.com/wp-content/uploads/elementor/google-fonts/css/pinyonscript0707.css]
[mehnikah.com/wp-content/uploads/elementor/google-fonts/css/cormorantinfant49e4.css]
[mehnikah.com/wp-content/uploads/elementor/google-fonts/css/alexbrush49e4.css]
[erawebs.mehnikah.com/wp-includes/js/jquery/jquery.minf43b.js]
[erawebs.mehnikah.com/wp-includes/js/jquery/jquery-migrate.min5589.js]
[mehnikah.com/wp-content/plugins/addon-elements-for-elementor-page-builder/assets/js/iconHelper5152.js]
[connect.facebook.net/en_US/fbevents.js]
[mehnikah.com/wp-content/uploads/useanyfont/5033Iskry-Reguler.woff2]
[mehnikah.com/wp-content/uploads/useanyfont/2196Qene-G-Regular.woff2]
[mehnikah.com/wp-content/uploads/useanyfont/5230Qene-G-Regular.woff2]
[mehnikah.com/wp-content/uploads/useanyfont/2070IvyMode-Regular.woff2]
[mehnikah.com/wp-content/uploads/useanyfont/2775MeshedDisplay-Regula.woff2]
[mehnikah.com/wp-content/uploads/useanyfont/6777Aston-Script.woff2]
[mehnikah.com/wp-content/uploads/useanyfont/1542Javassoul.woff2]
[mehnikah.com/wp-content/uploads/useanyfont/345Hatolie.woff2]
[mehnikah.com/wp-content/uploads/useanyfont/3129Belle-Amour-Font.woff2]
[mehnikah.com/wp-content/uploads/useanyfont/5426Authentic-Heart.woff2]
[mehnikah.com/wp-content/uploads/useanyfont/1325Petrichor.woff2]
[mehnikah.com/wp-content/uploads/useanyfont/910Southerns.woff2]
[mehnikah.com/wp-content/uploads/useanyfont/6839Signatie.woff2]
[mehnikah.com/wp-content/uploads/useanyfont/275Italiana-Reguler.woff2]
[mehnikah.com/wp-content/uploads/useanyfont/1699Grandiosity-Regular.woff2]
[mehnikah.com/wp-content/uploads/useanyfont/3769Mahalini.woff2]
[mehnikah.com/wp-content/uploads/useanyfont/2978NewYork.woff2]
[mehnikah.com/wp-content/uploads/useanyfont/8698Humble-Signation.woff2]
[mehnikah.com/wp-content/uploads/2026/01/logoerawebs.webp]
[mehnikah.com/wp-content/uploads/2025/07/SUNDA-ICON-1007x1024.webp]
[mehnikah.com/wp-content/uploads/jet-form-builder/6a8c9d86419f28eee3fb4d54272848fa/2026/02/WhatsApp-Image-2026-02-07-at-20.58.06-2.webp]
[mehnikah.com/wp-content/uploads/2025/07/Sunda-1-Couple-Depan.webp]
[mehnikah.com/wp-content/uploads/jet-form-builder/3e6f155fa09e83c1e125567ed5e99da1/2026/02/WhatsApp-Image-2026-02-07-at-20.58.06-1.webp]
[www.instagram.com/Aldi Gumilar .html]
[mehnikah.com/wp-content/uploads/2025/07/Sunda-1-Couple-Depan-Flip.webp]
[www.instagram.com/Safitri_11.html]
[www.google.com/maps/search/RA/MI Baitul Huda/@-7.024891376495361,107fef7.html]
[www.google.com/maps/place/RA/MI+BAITUL+HUDA+(YAYASAN+AS-SYUKUR)/@-7.0248914,107.6787643,753m/data=!3m1!1e3!4m6!3m5!1s0x2e68c1e64367ee39_0xf2/g/11gb3wnhcv5475.html]
[mehnikah.com/wp-content/uploads/jet-form-builder/f6d587d634dcdcd91b29ffb8c0178192/2026/02/WhatsApp-Image-2026-02-07-at-20.58.03.webp]
[mehnikah.com/wp-content/uploads/jet-form-builder/f6d587d634dcdcd91b29ffb8c0178192/2026/02/WhatsApp-Image-2026-02-07-at-20.58.04-1.webp]
[mehnikah.com/wp-content/uploads/jet-form-builder/f6d587d634dcdcd91b29ffb8c0178192/2026/02/WhatsApp-Image-2026-02-07-at-20.58.04.webp]
[mehnikah.com/wp-content/uploads/jet-form-builder/f6d587d634dcdcd91b29ffb8c0178192/2026/02/WhatsApp-Image-2026-02-07-at-20.58.05-1.webp]
[mehnikah.com/wp-content/uploads/jet-form-builder/f6d587d634dcdcd91b29ffb8c0178192/2026/02/WhatsApp-Image-2026-02-07-at-20.58.06.webp]
[mehnikah.com/wp-content/uploads/jet-form-builder/f6d587d634dcdcd91b29ffb8c0178192/2026/02/WhatsApp-Image-2026-02-07-at-20.58.07.webp]
[mehnikah.com/wp-content/uploads/jet-form-builder/f6d587d634dcdcd91b29ffb8c0178192/2026/02/WhatsApp-Image-2026-02-07-at-20.58.18.webp]
[mehnikah.com/wp-content/uploads/jet-form-builder/f6d587d634dcdcd91b29ffb8c0178192/2026/02/WhatsApp-Image-2026-02-07-at-20.58.35.webp]
[mehnikah.com/wp-content/uploads/jet-form-builder/f6d587d634dcdcd91b29ffb8c0178192/2026/02/WhatsApp-Image-2026-02-07-at-20.58.37.webp]
[mehnikah.com/wp-content/uploads/2024/04/bca-1024x334.png]
[mehnikah.com/wp-content/plugins/copy-text-widget/includes/assets/js/clipboard.min.js]
[www.w3.org/2000/svg.html]
[mehnikah.com/wp-content/uploads/2024/04/LOGO-MANDIRI.png]
[mehnikah.com/wp-content/uploads/2024/04/dana-1024x334.png]
[mehnikah.com/wp-content/uploads/2024/07/Brisia-Jodie-Fabio-Asher-Aku-Memilihmu-Official-Lyric-Video_xappmoX4F5Q.mp3]
[api.whatsapp.com/send/indexa864.html]
[ibb.co.com/LX3ym9m6.html]
[mehnikah.com/wp-content/plugins/weddingsaas-pro/assets/plugins/custom/commentpress/saic_libbf47.js]
[mehnikah.com/wp-content/plugins/weddingsaas-pro/assets/js/wds-rsvpbf47.js]
[mehnikah.com/wp-content/plugins/addon-elements-for-elementor-page-builder/assets/js/eae.min333a.js]
[erawebs.mehnikah.com/the-wedding-of-aldi-and-fitri/index9b57.html]
[api.whatsapp.com/send/index18ac.html]
[mehnikah.com/wp-content/plugins/addon-elements-for-elementor-page-builder/build/index.min333a.js]
[mehnikah.com/wp-content/plugins/elementor/assets/lib/font-awesome/js/v4-shims.min5152.js]
[mehnikah.com/wp-content/plugins/addon-elements-for-elementor-page-builder/assets/js/animated-main.min5152.js]
[www.instagram.com/erawebs_id/index.html]
[mehnikah.com/wp-content/plugins/addon-elements-for-elementor-page-builder/assets/js/particles.min001e.js]
[mehnikah.com/wp-content/plugins/addon-elements-for-elementor-page-builder/assets/lib/magnific.minf488.js]
[mehnikah.com/wp-content/plugins/addon-elements-for-elementor-page-builder/assets/lib/vegas/vegas.min8d5a.js]
[mehnikah.com/wp-content/plugins/the-plus-addons-for-elementor-page-builder/includes/user-experience/update-popup/tp-update-plugin-popupa96b.js]
[mehnikah.com/wp-content/plugins/weddingpress/assets/js/qr-code.js]
[mehnikah.com/wp-content/plugins/weddingpress/assets/js/exad-scripts.min5dc4.js]
[mehnikah.com/wp-content/plugins/weddingpress/assets/js/wdp-swiper.min.js]
[unpkg.com/qr-code-styling@1.5.0/lib/qr-code-styling.js]
[cdnjs.cloudflare.com/ajax/libs/xlsx/0.17.0/xlsx.full.min.js]
[mehnikah.com/wp-content/plugins/weddingpress/addons/comment-kit2/js/cui_script8a54.js]
[mehnikah.com/wp-content/plugins/weddingpress/addons/comment-kit2/js/libs/jquery.jPages.minac14.js]
[mehnikah.com/wp-content/plugins/weddingpress/addons/comment-kit2/js/libs/jquery.textareaCounterd5f7.js]
[mehnikah.com/wp-content/plugins/weddingpress/addons/comment-kit2/js/libs/jquery.placeholder.min5d0a.js]
[mehnikah.com/wp-content/plugins/weddingpress/addons/comment-kit2/js/libs/autosize.mind50e.js]
[erawebs.mehnikah.com/wp-includes/js/dist/i18n.mineca5.js]
[erawebs.mehnikah.com/wp-includes/js/dist/hooks.min394d.js]
[erawebs.mehnikah.com/wp-includes/js/dist/vendor/react.mine1ab.js]
[erawebs.mehnikah.com/wp-includes/js/dist/vendor/react-dom.mine1ab.js]
[erawebs.mehnikah.com/wp-includes/js/dist/escape-html.minaf01.js]
[erawebs.mehnikah.com/wp-includes/js/dist/element.minc5e8.js]
[mehnikah.com/wp-content/plugins/weddingpress/assets/js/license.min5dc4.js]
[mehnikah.com/wp-content/plugins/elementor/assets/js/webpack.runtime.min05da.js]
[mehnikah.com/wp-content/plugins/elementor/assets/js/frontend-modules.min05da.js]
[erawebs.mehnikah.com/wp-includes/js/jquery/ui/core.minb37e.js]
[mehnikah.com/wp-content/plugins/elementor/assets/js/frontend.min05da.js]
[mehnikah.com/wp-content/plugins/elementor-pro/assets/lib/lottie/lottie.min3f90.js]
[mehnikah.com/wp-content/plugins/elementor/assets/lib/swiper/v8/swiper.min94a4.js]
[mehnikah.com/wp-content/plugins/elementor/assets/lib/e-gallery/js/e-gallery.min7359.js]
[mehnikah.com/wp-content/plugins/jet-elements/assets/js/lib/tweenjs/tweenjs.min4c56.js]
[mehnikah.com/wp-content/plugins/jet-elements/assets/js/jet-elements.min8864.js]
[mehnikah.com/wp-content/plugins/jet-elements/assets/js/addons/jet-timeline.min8864.js]
[mehnikah.com/wp-content/plugins/weddingsaas-pro/assets/js/wds-elementor-audiobf47.js]
[mehnikah.com/wp-content/plugins/essential-addons-for-elementor-lite/assets/front-end/js/view/general.min31dc.js]
[mehnikah.com/wp-content/plugins/elementor-pro/assets/js/webpack-pro.runtime.min05da.js]
[mehnikah.com/wp-content/plugins/elementor-pro/assets/js/frontend.min05da.js]
[mehnikah.com/wp-content/plugins/elementor-pro/assets/js/elements-handlers.min05da.js]
[mehnikah.com/wp-content/plugins/weddingpress/assets/js/modules/bdt-uikit5829.js]
[mehnikah.com/wp-content/plugins/jet-tabs/assets/js/jet-tabs-frontend.mina1ec.js]
[mehnikah.com/wp-content/plugins/weddingpress/assets/js/wdp.min5dc4.js]
[mehnikah.com/wp-content/plugins/weddingpress/assets/js/guest-form5dc4.js]
[mehnikah.com/wp-content/plugins/powerpack-elements/assets/lib/tooltipster/tooltipster.min4879.js]
[mehnikah.com/wp-content/plugins/powerpack-elements/assets/js/min/frontend-tooltip.min4879.js]
[erawebs.mehnikah.com/the-wedding-of-aldi-and-fitri/index.html]
[static.cloudflareinsights.com/beacon.min.js/v833ccba57c9e4d2798f2e76cebdd09a11778172276447]
[gmpg.org/xfn/default.css]
[gmpg.org/xfn/.html]
[gmpg.org/xfn/intro.html]
[gmpg.org/xfn/faq.html]
[gmpg.org/xfn/11.html]
[unpkg.com/index.html]
[cdnjs.cloudflare.com/index.html]
[mehnikah.com/wp-content/plugins/weddingpress/assets/css/modules/bdt-uikit5829.css]
[mehnikah.com/wp-content/plugins/weddingpress/assets/css/modules/ep-helper5dc4.css]
[mehnikah.com/wp-content/plugins/jet-engine/assets/css/frontendab17.css]
[gmpg.org/xfn/thanks.html]
[mehnikah.com/wp-content/uploads/useanyfont/5033Iskry-Reguler.woff]
[mehnikah.com/wp-content/uploads/useanyfont/2196Qene-G-Regular.woff]
[mehnikah.com/wp-content/uploads/useanyfont/2070IvyMode-Regular.woff]
[mehnikah.com/wp-content/uploads/useanyfont/2775MeshedDisplay-Regula.woff]
[mehnikah.com/wp-content/uploads/useanyfont/6777Aston-Script.woff]
[mehnikah.com/wp-content/uploads/useanyfont/5230Qene-G-Regular.woff]
[mehnikah.com/wp-content/uploads/useanyfont/1542Javassoul.woff]
[mehnikah.com/wp-content/uploads/useanyfont/345Hatolie.woff]
[mehnikah.com/wp-content/uploads/useanyfont/3129Belle-Amour-Font.woff]
[mehnikah.com/wp-content/uploads/useanyfont/5426Authentic-Heart.woff]
[mehnikah.com/wp-content/uploads/useanyfont/1325Petrichor.woff]
[mehnikah.com/wp-content/uploads/useanyfont/910Southerns.woff]
[mehnikah.com/wp-content/uploads/useanyfont/6839Signatie.woff]
[mehnikah.com/wp-content/uploads/useanyfont/275Italiana-Reguler.woff]
[mehnikah.com/wp-content/uploads/useanyfont/1699Grandiosity-Regular.woff]
[mehnikah.com/wp-content/uploads/useanyfont/3769Mahalini.woff]
[mehnikah.com/wp-content/uploads/useanyfont/2978NewYork.woff]
[mehnikah.com/wp-content/uploads/useanyfont/8698Humble-Signation.woff]
[mehnikah.com/wp-content/uploads/useanyfont/uafe6cc.css]
[mehnikah.com/wp-content/plugins/weddingsaas-pro/assets/css/wds-elementorbf47.css]
[mehnikah.com/wp-content/plugins/weddingsaas-pro/assets/plugins/custom/commentpress/fonts/saicfont7137.eot]
[mehnikah.com/wp-content/plugins/weddingsaas-pro/assets/plugins/custom/commentpress/fonts/saicfont7137.ttf]
[mehnikah.com/wp-content/plugins/weddingsaas-pro/assets/plugins/custom/commentpress/fonts/saicfont7137.woff]
[mehnikah.com/wp-content/plugins/weddingsaas-pro/assets/plugins/custom/commentpress/saic_stylebf47.css]
[mehnikah.com/wp-content/plugins/weddingsaas-pro/assets/plugins/custom/commentpress/fonts/saicfont7137.svg]
[mehnikah.com/wp-content/plugins/addon-elements-for-elementor-page-builder/assets/css/arrow-left.svg]
[mehnikah.com/wp-content/plugins/addon-elements-for-elementor-page-builder/assets/css/eae.min333a.css]
[mehnikah.com/wp-content/plugins/addon-elements-for-elementor-page-builder/assets/lib/peel/peel333a.css]
[mehnikah.com/wp-content/plugins/elementor/assets/lib/font-awesome/css/v4-shims.min5152.css]
[mehnikah.com/wp-content/plugins/elementor/assets/lib/font-awesome/css/all.min5152.css]
[mehnikah.com/wp-content/plugins/addon-elements-for-elementor-page-builder/assets/lib/vegas/vegas.min8d5a.css]
[mehnikah.com/wp-content/plugins/weddingpress/assets/css/exad-styles.min8717.css]
[mehnikah.com/wp-content/plugins/addon-elements-for-elementor-page-builder/assets/css/arrow-right.svg]
[mehnikah.com/wp-content/plugins/weddingpress/addons/comment-kit2/css/fonts/cuifont7137.eot]
[mehnikah.com/wp-content/plugins/weddingpress/addons/comment-kit2/css/fonts/cuifont7137.ttf]
[mehnikah.com/wp-content/plugins/weddingpress/addons/comment-kit2/css/fonts/cuifont7137.woff]
[mehnikah.com/wp-content/plugins/weddingpress/addons/comment-kit2/css/fonts/cuifont7137.svg]
[mehnikah.com/wp-content/plugins/weddingpress/addons/comment-kit2/css/images/modal_x.png]
[mehnikah.com/wp-content/plugins/weddingpress/addons/comment-kit2/css/cui_style8a54.css]
[mehnikah.com/wp-content/plugins/weddingpress/assets/css/new-icon.min5dc4.css]
[mehnikah.com/wp-content/themes/hello-elementor/assets/css/resetedb1.css]
[mehnikah.com/wp-content/themes/hello-elementor/assets/css/themeedb1.css]
[mehnikah.com/wp-content/themes/hello-elementor/assets/css/header-footeredb1.css]
[mehnikah.com/wp-content/plugins/elementor/assets/css/frontend.min05da.css]
[mehnikah.com/wp-content/plugins/elementor/assets/css/widget-heading.min05da.css]
[mehnikah.com/wp-content/plugins/elementor/assets/css/widget-image.min05da.css]
[mehnikah.com/wp-content/plugins/elementor/assets/css/widget-icon-list.min05da.css]
[mehnikah.com/wp-content/plugins/elementor/assets/css/widget-spacer.min05da.css]
[mehnikah.com/wp-content/plugins/elementor/assets/lib/animations/styles/zoomIn.min05da.css]
[mehnikah.com/wp-content/plugins/elementor-pro/assets/css/widget-lottie.min05da.css]
[mehnikah.com/wp-content/plugins/elementor/assets/lib/animations/styles/fadeInUp.min05da.css]
[mehnikah.com/wp-content/plugins/elementor/assets/lib/swiper/v8/css/swiper.min94a4.css]
[mehnikah.com/wp-content/plugins/elementor/assets/css/conditionals/e-swiper.min05da.css]
[mehnikah.com/wp-content/plugins/elementor-pro/assets/css/widget-countdown.min05da.css]
[mehnikah.com/wp-content/plugins/elementor/assets/css/widget-video.min05da.css]
[mehnikah.com/wp-content/plugins/elementor-pro/assets/css/widget-gallery.min05da.css]
[mehnikah.com/wp-content/plugins/elementor/assets/lib/e-gallery/css/e-gallery.min7359.css]
[mehnikah.com/wp-content/plugins/elementor-pro/assets/css/conditionals/transitions.min05da.css]
[mehnikah.com/wp-content/plugins/jet-elements/assets/css/jet-elements8864.css]
[mehnikah.com/wp-content/plugins/jet-elements/assets/css/addons/jet-timeline8864.css]
[mehnikah.com/wp-content/plugins/jet-elements/assets/css/skin/jet-timeline8864.css]
[mehnikah.com/wp-content/plugins/elementor/assets/css/widget-divider.min05da.css]
[mehnikah.com/wp-content/plugins/elementor/assets/lib/animations/styles/e-animation-grow.min05da.css]
[mehnikah.com/wp-content/uploads/elementor/css/post-13565fec6.css]
[mehnikah.com/wp-content/plugins/weddingpress/assets/css/wdp5dc4.css]
[mehnikah.com/wp-content/plugins/weddingpress/assets/css/guest-book5dc4.css]
[mehnikah.com/wp-content/plugins/jet-tabs/assets/css/jet-tabs-frontenda1ec.css]
[mehnikah.com/wp-content/plugins/powerpack-elements/assets/css/min/extensions.min4879.css]
[mehnikah.com/wp-content/plugins/powerpack-elements/assets/css/min/tooltip.min4879.css]
[mehnikah.com/wp-content/uploads/elementor/css/post-21454fec6.css]
[mehnikah.com/wp-content/uploads/elementor/css/post-33960b170.css]
[mehnikah.com/wp-content/uploads/2025/07/MOTION-SUNDA-1-FALLBACK-1.webp]
[mehnikah.com/wp-content/uploads/2025/07/BUGIS-MOTIF-ATAS.webp]
[mehnikah.com/wp-content/uploads/2025/07/BUGIS-BACKGROUND.webp]
[mehnikah.com/wp-content/uploads/2025/07/Sunda-1-Couple-Belakang-Flip.webp]
[mehnikah.com/wp-content/uploads/2025/07/Sunda-1-Couple-Belakang.webp]
[mehnikah.com/wp-content/uploads/2025/07/JAWA-PATTERN.webp]
[mehnikah.com/wp-content/uploads/2025/07/MOTION-SUNDA-1-FIXED-BG.webp]
[mehnikah.com/wp-content/uploads/2025/07/JAWA-BACKGROUND.webp]
[mehnikah.com/wp-content/uploads/elementor/css/post-104730c184.css]
[mehnikah.com/wp-content/plugins/essential-addons-for-elementor-lite/assets/front-end/css/view/general.min31dc.css]
[mehnikah.com/wp-content/uploads/elementor/google-fonts/css/roboto9ce5.css]
[mehnikah.com/wp-content/uploads/elementor/google-fonts/css/robotoslab31a5.css]
[mehnikah.com/wp-content/uploads/elementor/google-fonts/css/poppins4fa6.css]
[mehnikah.com/wp-content/uploads/elementor/google-fonts/css/pinyonscript0707.css]
[mehnikah.com/wp-content/uploads/elementor/google-fonts/css/cormorantinfant49e4.css]
[mehnikah.com/wp-content/uploads/elementor/google-fonts/css/alexbrush49e4.css]
[erawebs.mehnikah.com/the-wedding-of-aldi-and-fitri/signals/config/index.html]
[erawebs.mehnikah.com/the-wedding-of-aldi-and-fitri/signals/plugins/index.html]
[erawebs.mehnikah.com/the-wedding-of-aldi-and-fitri/t.resolvedLink]
[erawebs.mehnikah.com/the-wedding-of-aldi-and-fitri/schema.org/index.html]
[erawebs.mehnikah.com/signals/iwl.js]
[erawebs.mehnikah.com/signals/iwl0fc5.js]
[erawebs.mehnikah.com/the-wedding-of-aldi-and-fitri/n.dl]
[erawebs.mehnikah.com/the-wedding-of-aldi-and-fitri/n.rl]
[connect.facebook.net/en_US/fbevents.js]
[www.facebook.com/tr3817]
[static.cdninstagram.com/rsrc.php/v4/yw/r/ZaBj1CLc5J4.js]
[static.cdninstagram.com/rsrc.php/v5/yN/l/0,cross/JUF1CLMBMlMrsnguAb4gnCOxgtAK4sfbqAggUcwZVsSSv0lda5Q54a0s97xFZK--hBruhBENOpKm_.css]
[static.cdninstagram.com/rsrc.php/v4iiED4/y4/l/en_US/CERtHfIaPgUEBZL62C9htU9_bNueYTsmtvjPcHDQpThVGkvXBqTF_xhD2HLyz4mlGZw3SAgBRK9nuy4smkFi-2dH4cTz9zsjeWfIxZF4XqiiA8J4S0dDdc7svQkAW3bf8izWhIXzif6cRIbkzOVRuG14]
[static.cdninstagram.com/rsrc.php/v4iBWA4/yD/l/en_US/sErtKw5B8lqtYlRaN7TjgBIdqbOerkuayZFohW3JMpOKw5zYnqE1Qo-CyGxfkluwgwgKQTuFoMMsk9vETfhUWBzENLGNSpUagaSVA9NuhTYz9OBmfUyOlGG-M1VvJUeKur4L5lqYa62VGUOxTz9rtlTg]
[static.cdninstagram.com/rsrc.php/v4i2UG4/yz/l/en_US/EqMCD9GbwfyOstxuam5eYFXAqzp11_JpC1NH63vd---ubsme_X_4ojJ4yVd3XVvmRJgJLVGXUtO-wyGIBZmFKBaOIxmD2yUGFQkHjU0xkv-WTUrv7QCLq1zDv9f5OOy-5gC2Mw-lqV0QWYiTD5c_j0a4]
[www.instagram.com/theaustralian.com.html]
[www.instagram.com/news.com.html]
[www.instagram.com/kollosche.com.html]
[www.instagram.com/awstrack.html]
[static.cdninstagram.com/rsrc.php/v4i73q4/yT/l/en_US/Gs9xMSWxE2a.js]
[static.cdninstagram.com/rsrc.php/v4i2sd4/yP/l/en_US/CX4MazNkpQOJOZqDU8ycsEWNAk3lZFlO03h4EJiTNPScasrSTsiXh8Ufp_8kBNAp0rqX-Z50C-WFpC-eQCUahZJde907BJvw0pz.js]
[static.cdninstagram.com/rsrc.php/v5/yC/l/0,cross/fgQe914iiBfONMKn3YhINqU49pVNahkCk.css]
[static.cdninstagram.com/rsrc.php/v4/yL/r/i4wCarEeqLt.js]
[www.instagram.com/sjvFod.html]
[www.instagram.com/vzswJB.html]
[www.instagram.com/VwJrDo.html]
[www.instagram.com/yx8DPM.html]
[www.instagram.com/+pqGdl.html]
[www.instagram.com/fWS7Bq.html]
[www.instagram.com/lQLYdI.html]
[www.instagram.com/CFLFRK.html]
[static.cdninstagram.com/rsrc.php/v5/y6/l/0,cross/sD3bWe2W0PHQvuWABIjhhR.css]
[www.instagram.com/M6KUly.html]
[www.instagram.com/9yfn5G.html]
[www.instagram.com/l+ySHC.html]
[www.instagram.com/hGTKnd.html]
[www.instagram.com/Aldi Gumilar .html]
[www.instagram.com/Z67QPn.html]
[www.instagram.com/Safitri_11fef7.html]
[www.instagram.com/Safitri_117d7c.html]
[www.instagram.com/Safitri_11a209.html]
[www.instagram.com/Safitri_11de3a.html]
[www.instagram.com/Safitri_110016.html]
[www.instagram.com/Safitri_110b8e.html]
[www.instagram.com/Safitri_11f854.html]
[www.instagram.com/Safitri_119e29.html]
[www.instagram.com/Safitri_11232e.html]
[www.instagram.com/Safitri_1128b7.html]
[www.instagram.com/Safitri_116dd3.html]
[www.instagram.com/Safitri_11c581.html]
[www.instagram.com/Safitri_11539c.html]
[www.instagram.com/Safitri_11ecc8.html]
[www.instagram.com/Safitri_11aaeb.html]
[www.instagram.com/Safitri_11dc29.html]
[www.instagram.com/Safitri_11014b.html]
[www.instagram.com/Safitri_11c91a.html]
[www.instagram.com/Safitri_110cf2.html]
[www.instagram.com/Safitri_117c40.html]
[www.instagram.com/Safitri_114017.html]
[www.instagram.com/Safitri_115a9d.html]
[www.instagram.com/Safitri_11b2db.html]
[www.instagram.com/Safitri_119201.html]
[www.instagram.com/Safitri_111672.html]
[www.instagram.com/Safitri_115083.html]
[www.instagram.com/Safitri_117a92.html]
[www.instagram.com/Safitri_11c13b.html]
[www.instagram.com/Safitri_119e3e.html]
[www.instagram.com/Safitri_119841.html]
[www.instagram.com/Safitri_11d294.html]
[www.instagram.com/Safitri_110f5d.html]
[www.instagram.com/Safitri_11ad0b.html]
[www.instagram.com/Safitri_115303.html]
[www.instagram.com/Safitri_11db1e.html]
[www.instagram.com/Safitri_11e9b2.html]
[www.instagram.com/Safitri_11ff11.html]
[www.instagram.com/Safitri_11f857.html]
[www.instagram.com/Safitri_11882e.html]
[www.instagram.com/Safitri_116c7f.html]
[www.instagram.com/Safitri_11327f.html]
[www.instagram.com/Safitri_113a7e.html]
[www.instagram.com/Safitri_11030f.html]
[www.instagram.com/Safitri_11b058.html]
[www.instagram.com/Safitri_119d29.html]
[www.instagram.com/Safitri_110fe5.html]
[www.instagram.com/Safitri_112a81.html]
[www.instagram.com/Safitri_11c4e8.html]
[www.instagram.com/Safitri_119c85.html]
[www.instagram.com/Safitri_11cfe2.html]
[www.instagram.com/Safitri_11562e.html]
[www.instagram.com/Safitri_11241a.html]
[www.instagram.com/Safitri_1153ad.html]
[www.instagram.com/Safitri_119d00.html]
[www.instagram.com/Safitri_11f4a3.html]
[www.instagram.com/Safitri_11fafd.html]
[www.instagram.com/Safitri_11514d.html]
[scontent.cdninstagram.com/v/t51.2885-19/19121799_888290171310097_2067807808476151808_a5568.jpg]
[www.instagram.com/data/manifest.json]
[www.instagram.com/android-app_/com.instagram.android/https/instagram.com/_u/Safitri_11/index.html]
[static.cdninstagram.com/rsrc.php/v5/y8/l/0,cross/JUF1CLMBMlMrsnguAb4gnCsD3bWe2W0PHOxgtAK4sfbqAggUcwZVsSSnB5lq8MvkZSv0lda5Q54a0fgQe914iiBfONMKn3YhINqU49pVNahkCk6uXXML-dVP5QvuWABIjhhRs97xFZK--hBruhBENOpKm_]
[static.cdninstagram.com/rsrc.php/v4i4GS4/yp/l/en_US/gXdYivvCwsHasrSTsiXh8U_Irt3yH_DDfU-zS-mkYY9g71wDvpLc_BpZH-SM4hul1EXB3QMYtcleCAeldwAs7TbSIVHPNrTWo60X7YrqRLBEVZgoxkuJzlR5e5sQKBa7NiolfYpXdfPlsvFrdUouftt3]
[static.cdninstagram.com/rsrc.php/v4i0Gx4/yf/l/en_US/WNAk3lZFlO0fp_8kBNAp0rqX-Z50C-WFpC-eQCUahZJde907BJvw0pz.js]
[static.cdninstagram.com/rsrc.php/v4ivP04/yK/l/en_US/RWRBX138lHs6jD59i3CAcOVmiq1qikX2seP5wltryRDdXAqzp11_JpCZ7NnMPhBCQj1NH63vd---ubsme_X_4ojJS2QoXPAedudrh1FqT2TO5O4xxgLhQ9MuG4yVd3XVvmRJys1fkNX2nY2QJlxgSegu]
[static.cdninstagram.com/rsrc.php/v4iwFG4/y2/l/en_US/CERtHfIaPgUEBZL62C9htUZYMg1ZQkbqeEyCCRwrnzvx.js]
[static.cdninstagram.com/rsrc.php/v4/yX/r/JOZqDU8ycsE.js]
[static.cdninstagram.com/rsrc.php/v4iIx04/yR/l/en_US/x-Dycjp7cBoYNl9hceXc0YCyGxfkluwgwgKQTuFoMMskiFGHh9ozlMIsDvIdTA8_sb9vETfhUWBzENLGNSpUagaSz3mrTJNzVPnFpPrgv-Oj5ZVA9NuhTYz9OBmfUyOlGG-MOnuZUHzxtsy1VvJUeKur]
[static.cdninstagram.com/rsrc.php/v4i-Lg4/yz/l/en_US/9f5OOy-5gC2Lt8BNVJW-0kqNx9g5ztgSo72VIuFLqf8TMw-lqV0QWYiTD5c_j0a4_CsCbkR9KMIKDJFjklRFp4a6CIpPqYeUF2JRtKQGwG0ihElcwau5doKTi-Qx8lcabVTDOwgx-s7CoHn1ApRUkUm1]
[static.cdninstagram.com/rsrc.php/v4im654/yk/l/en_US/ksNeGnwH4yz.js]
[static.cdninstagram.com/rsrc.php/v4iKxp4/yj/l/en_US/9_bNueYTsmtpJWbKMFw8xBvjPcHDQpThVmN_RRqVrN9HvcLXFIeCiIOGkvXBqTF_xhD2HLyz4mlGZw3SAgBRK9nuy4smkFi-2dH4cTz9zsjeWfQVQveXXmZ4BIxZF4XqiiA8J4S0dDdc7svQkAW3bf8i]
[static.cdninstagram.com/rsrc.php/v5/yo/l/0,cross/pbToQhuzLHTwlfD3oB_zCCKg_LTu-1cGK.css]
[www.instagram.com/Safitri_11.html]
[maps.gstatic.com/tactile/basepage/pegman_sherlock.png]
[www.google.com/maps/search/RA/MI Baitul Huda/@-7.024891376495361,107fef7.html]
[www.google.com/maps/search/RA/MI Baitul Huda/Edg/index.html]
[www.google.com/maps/search/RA/MI Baitul Huda/Firefox/index.html]
[www.google.com/maps/search/RA/MI Baitul Huda/GET.html]
[www.google.com/maps/place/RA/MI+BAITUL+HUDA+(YAYASAN+AS-SYUKUR)/@-7.0248914,107.6787643,753m/data=!3m1!1e3!4m6!3m5!1s0x2e68c1e64367ee39_0xf2/g/11gb3wnhcv5475.html]
[www.w3.org/2000/svg.html]
[www.google.com/maps/place/RA/MI+BAITUL+HUDA+(YAYASAN+AS-SYUKUR)/@-7.0248914,107.6787643,753m/GET.html]
[www.google.com/maps/place/RA/MI+BAITUL+HUDA+(YAYASAN+AS-SYUKUR)/@-7.0248914,107.6787643,753m/Edg/index.html]
[static.whatsapp.net/rsrc.php/v5/yH/l/0,cross/_jfkUskf2-v.css]
[api.whatsapp.com/send/indexd65e.html]
[www.google.com/maps/place/RA/MI+BAITUL+HUDA+(YAYASAN+AS-SYUKUR)/@-7.0248914,107.6787643,753m/Firefox/index.html]
[static.whatsapp.net/rsrc.php/v5/yf/l/0,cross/iWgOxnKbZZT.css]
[static.whatsapp.net/rsrc.php/v5/y9/l/0,cross/WgiwDyr3WQ2.css]
[static.whatsapp.net/rsrc.php/v4/yv/r/EGT_OYHpvIz.js]
[www.instagram.com/whatsapp/indexfef7.html]
[api.whatsapp.com/send/H8sk9y]
[api.whatsapp.com/send/uCyddb]
[api.whatsapp.com/send/sIXck9]
[api.whatsapp.com/send/LYq]
[api.whatsapp.com/send/717Tn8]
[static.whatsapp.net/rsrc.php/v4i7M54/yg/l/en_US-j/TMtQ-zW046W.js]
[static.whatsapp.net/rsrc.php/v4/yp/r/miR5LhH0pzK.js]
[api.whatsapp.com/send/indexa864.html]
[api.whatsapp.com/send/717Tn8/index.html]
[api.whatsapp.com/send/H8sk9y/index.html]
[erawebs.mehnikah.com/the-wedding-of-aldi-and-fitri/index9b57.html]
[mehnikah.com/wp-content/plugins/the-plus-addons-for-elementor-page-builder/includes/user-experience/update-popup/tp-update-plugin-popup16df.js]
[simgbb.com/8179/ibb.css]
[simgbb.com/images/favicon.png]
[ibb.co.com/LX3ym9m6/oembed.json]
[ibb.co.com/LX3ym9m6/oembed.xml]
[i.ibb.co.com/FLF1282J/Desain-tanpa-judul-24.png]
[simgbb.com/images/logo.png]
[i.ibb.co.com/67kSzDzb/Desain-tanpa-judul-24.png]
[ibb.co.com/_https_/ibb.co.com/LX3ym9m6_img]
[ibb.co.com/_https_/i.ibb.co.com/67kSzDzb/Desain-tanpa-judul-24.png_]
[ibb.co.com/_https_/i.ibb.co.com/LX3ym9m6/Desain-tanpa-judul-24.png_]
[simgbb.com/8179/jquery2.js]
[ibb.co.com/LX3ym9m6.html]
[simgbb.com/8179/ibb.js]
[api.whatsapp.com/send/index18ac.html]
[api.whatsapp.com/send/index0de9.html]
[www.instagram.com/erawebs_id/index7d7c.html]
[www.instagram.com/erawebs_id/indexfef7.html]
[scontent.cdninstagram.com/v/t51.82787-19/581707478_18031380233744330_1633402880767123534_n.161677a.delayed]
[www.instagram.com/erawebs_id/indexa209.html]
[www.instagram.com/erawebs_id/index0016.html]
[www.instagram.com/erawebs_id/index0b8e.html]
[www.instagram.com/erawebs_id/indexde3a.html]
[www.instagram.com/erawebs_id/theaustralian.com.html]
[www.instagram.com/erawebs_id/indexf854.html]
[www.instagram.com/erawebs_id/index9e29.html]
[www.instagram.com/erawebs_id/index232e.html]
[www.instagram.com/erawebs_id/news.com.html]
[www.instagram.com/erawebs_id/index28b7.html]
[www.instagram.com/erawebs_id/index6dd3.html]
[www.instagram.com/erawebs_id/kollosche.com.html]
[www.instagram.com/erawebs_id/indexc581.html]
[www.instagram.com/erawebs_id/index539c.html]
[www.instagram.com/erawebs_id/indexecc8.html]
[www.instagram.com/erawebs_id/indexaaeb.html]
[www.instagram.com/erawebs_id/awstrack.html]
[www.instagram.com/erawebs_id/indexdc29.html]
[www.instagram.com/erawebs_id/index014b.html]
[www.instagram.com/erawebs_id/fWS7Bq.html]
[www.instagram.com/erawebs_id/index7c40.html]
[www.instagram.com/erawebs_id/index0cf2.html]
[www.instagram.com/erawebs_id/indexc91a.html]
[www.instagram.com/erawebs_id/index4017.html]
[www.instagram.com/erawebs_id/l+ySHC.html]
[www.instagram.com/erawebs_id/index5a9d.html]
[www.instagram.com/erawebs_id/index9201.html]
[www.instagram.com/erawebs_id/indexb2db.html]
[www.instagram.com/erawebs_id/index1672.html]
[www.instagram.com/erawebs_id/index5083.html]
[www.instagram.com/erawebs_id/+pqGdl.html]
[www.instagram.com/erawebs_id/indexc13b.html]
[www.instagram.com/erawebs_id/index7a92.html]
[www.instagram.com/erawebs_id/index9e3e.html]
[www.instagram.com/erawebs_id/sjvFod.html]
[www.instagram.com/erawebs_id/index9841.html]
[www.instagram.com/erawebs_id/indexd294.html]
[www.instagram.com/erawebs_id/index0f5d.html]
[www.instagram.com/erawebs_id/lQLYdI.html]
[www.instagram.com/erawebs_id/indexad0b.html]
[www.instagram.com/erawebs_id/index5303.html]
[www.instagram.com/erawebs_id/indexe9b2.html]
[www.instagram.com/erawebs_id/indexff11.html]
[www.instagram.com/erawebs_id/CFLFRK.html]
[www.instagram.com/erawebs_id/indexdb1e.html]
[www.instagram.com/erawebs_id/indexf857.html]
[www.instagram.com/erawebs_id/index882e.html]
[www.instagram.com/erawebs_id/index6c7f.html]
[www.instagram.com/erawebs_id/M6KUly.html]
[www.instagram.com/erawebs_id/index3a7e.html]
[www.instagram.com/erawebs_id/index327f.html]
[www.instagram.com/erawebs_id/index030f.html]
[www.instagram.com/erawebs_id/indexb058.html]
[www.instagram.com/erawebs_id/hGTKnd.html]
[www.instagram.com/erawebs_id/index0fe5.html]
[www.instagram.com/erawebs_id/index2a81.html]
[www.instagram.com/erawebs_id/index9d29.html]
[www.instagram.com/erawebs_id/indexc4e8.html]
[www.instagram.com/erawebs_id/index9c85.html]
[www.instagram.com/erawebs_id/yx8DPM.html]
[www.instagram.com/erawebs_id/indexcfe2.html]
[www.instagram.com/erawebs_id/index562e.html]
[www.instagram.com/erawebs_id/index241a.html]
[www.instagram.com/erawebs_id/index9d00.html]
[www.instagram.com/erawebs_id/Z67QPn.html]
[www.instagram.com/erawebs_id/index53ad.html]
[www.instagram.com/erawebs_id/indexf4a3.html]
[www.instagram.com/erawebs_id/index.html]
[www.instagram.com/erawebs_id/VwJrDo.html]
[www.instagram.com/erawebs_id/indexfafd.html]
[www.instagram.com/erawebs_id/index514d.html]
[www.instagram.com/erawebs_id/android-app_/com.instagram.android/https/instagram.com/_u/erawebs_id/index.html]
[gmpg.org/xfn/default.css]
[gmpg.org/xfn/index.html]
[gmpg.org/xfn/join.html]
[gmpg.org/xfn/background.html]
[gmpg.org/xfn/tools.html]
[gmpg.org/xfn/helping.html]
[gmpg.org/xfn/and/index.html]
[gmpg.org/xfn/feedback.html]
[gmpg.org/xfn/creator.html]
[gmpg.org/xfn/more.html]
[gmpg.org/xfn/press.html]
[gmpg.org/xfn/.html]
[gmpg.org/xfn/index-2.html]
[gmpg.org/xfn/pix/intro/five-met.gif]
[gmpg.org/xfn/pix/intro/five-acqfr.gif]
[gmpg.org/xfn/pix/intro/five-prof.gif]
[gmpg.org/xfn/pix/intro/five-lovefam.gif]
[gmpg.org/xfn/intro.html]
[gmpg.org/xfn/faq.html]
[gmpg.org/xfn/thanks.html]
[mehnikah.com/wp-content/plugins/weddingsaas-pro/assets/plugins/custom/commentpress/fonts/saicfont7137.svg]
[mehnikah.com/wp-content/plugins/addon-elements-for-elementor-page-builder/assets/css/arrow-left.svg]
[mehnikah.com/wp-content/plugins/addon-elements-for-elementor-page-builder/assets/css/arrow-right.svg]
[mehnikah.com/wp-content/plugins/weddingpress/addons/comment-kit2/css/fonts/cuifont7137.svg]
[mehnikah.com/wp-content/plugins/weddingpress/addons/comment-kit2/css/images/modal_x.html]
[erawebs.mehnikah.com/the-wedding-of-aldi-and-fitri/signals/config/index.html]
[erawebs.mehnikah.com/the-wedding-of-aldi-and-fitri/signals/plugins/index.html]
[erawebs.mehnikah.com/the-wedding-of-aldi-and-fitri/schema.org/index.html]
[wa.me/index.html]
[erawebs.mehnikah.com/the-wedding-of-aldi-and-fitri/t.html]
[erawebs.mehnikah.com/signals/iwl.html]
[erawebs.mehnikah.com/signals/iwl0fc5.html]
[erawebs.mehnikah.com/the-wedding-of-aldi-and-fitri/n.html]
[erawebs.mehnikah.com/the-wedding-of-aldi-and-fitri/n-2.html]
[static.cdninstagram.com/rsrc.php/v4/yF/r/jkduT82jifw.png]
[static.cdninstagram.com/rsrc.php/v4/y5/r/0KMRk2A6YU7.png]
[static.cdninstagram.com/rsrc.php/v4/yl/r/D81W4GEFUpY.png]
[static.cdninstagram.com/rsrc.php/v4/yx/r/27xAcOfFsNQ.png]
[static.cdninstagram.com/rsrc.php/v4/yx/r/ssVMSDV5pWu.png]
[static.cdninstagram.com/rsrc.php/v4/yP/r/9NgyF_R7b4t.png]
[static.cdninstagram.com/rsrc.php/v4/yM/r/r6j-KkUmGdP.png]
[static.cdninstagram.com/rsrc.php/v4/yI/r/m9q7iRWgK9h.png]
[static.cdninstagram.com/rsrc.php/v4/yA/r/BQ9c7uW3Wxj.png]
[static.cdninstagram.com/rsrc.php/v4/yR/r/i_gl1_2_N1v.png]
[static.cdninstagram.com/rsrc.php/v4/yY/r/NMKMCSLC1lF.png]
[static.cdninstagram.com/rsrc.php/v4/yC/r/8Daf1-KiK6t.png]
[static.cdninstagram.com/rsrc.php/v4/yZ/r/EuQi87m3NlG.png]
[static.cdninstagram.com/rsrc.php/v4/yU/r/3SPtLEiXTRd.png]
[static.cdninstagram.com/rsrc.php/v4/ya/r/wbtldbAz5SG.png]
[static.cdninstagram.com/rsrc.php/v4/y3/r/MqrIouWXaFN.png]
[static.cdninstagram.com/rsrc.php/v4/yy/r/0CT12bECFtg.png]
[static.cdninstagram.com/rsrc.php/v4/ys/r/NtOK_ydDLam.png]
[static.cdninstagram.com/rsrc.php/v4/yB/r/xwZ-58W7La1.png]
[static.cdninstagram.com/rsrc.php/v4/y3/r/ynt3uv3S7zb.png]
[static.cdninstagram.com/rsrc.php/v5/yN/l/0,cross/JUF1CLMBMlMrsnguAb4gnCOxgtAK4sfbqAggUcwZVsSSv0lda5Q54a0s97xFZK--hBruhBENOpKm_.css]
[www.instagram.com/Chrome/index.html]
[www.instagram.com/Firefox/index.html]
[www.instagram.com/CriOS/index.html]
[www.instagram.com/Edg/index.html]
[www.instagram.com/GET.html]
[www.instagram.com/Safari/index.html]
[www.instagram.com/Version/index.html]
[www.instagram.com/chrome-extension_/index.html]
[www.instagram.com/^([^_/indexd41d.html]
[www.instagram.com/rsrc.html]
[www.instagram.com/index.html]
[static.cdninstagram.com/rsrc.php/v4/yw/r/ZaBj1CLc5J4.js]
[www.instagram.com/rsrc-translations.html]
[www.instagram.com/accounts/signup/{step_name}/index.html]
[www.instagram.com/e.html]
[www.instagram.com/ABCDEFGHIJKLMNOPQRSTUVWXYZabcdefghijklmnopqrstuvwxyz0123456789+/index.html]
[www.instagram.com/t.html]
[www.instagram.com/HEAD.html]
[www.instagram.com/e-2.html]
[www.instagram.com/(function(.html]
[www.instagram.com/c.html]
[www.instagram.com/t,d.href__c.html]
[static.cdninstagram.com/rsrc.php/v4iBWA4/yD/l/en_US/sErtKw5B8lqtYlRaN7TjgBIdqbOerkuayZFohW3JMpOKw5zYnqE1Qo-CyGxfkluwgwgKQTuFoMMsk9vETfhUWBzENLGNSpUagaSVA9NuhTYz9OBmfUyOlGG-M1VvJUeKur4L5lqYa62VGUOxTz9rtlTg]
[www.instagram.com/ad_center/boost/index.html]
[www.instagram.com/ad_center/create/boostpost/index.html]
[www.instagram.com/ad_center/create/index.html]
[www.instagram.com/admin/index.html]
[www.instagram.com/b/index.html]
[www.instagram.com/t-2.html]
[www.instagram.com/profile/index.html]
[www.instagram.com/accounts_center/index.html]
[www.instagram.com/account/index.html]
[www.instagram.com/settings/index.html]
[www.instagram.com/device/index.html]
[www.instagram.com/recover/index.html]
[www.instagram.com/cli/index.html]
[www.instagram.com/hacked/index.html]
[www.instagram.com/native_sso/index.html]
[www.instagram.com/sso_provider_confirmation/index.html]
[www.instagram.com/saml/index.html]
